Mplus VERSION 7
MUTHEN & MUTHEN
11/16/2018  10:12 PM

INPUT INSTRUCTIONS

  TITLE: bifactor

  DATA: FILE IS saqonly.csv;

  VARIABLE: NAMES ARE saq1-saq24;

  Usevariables are saq1-saq24;

  Categorical are saq1-saq24;

  Analysis: estimator = WLSMV;

  Model:
  Gen by saq1 saq2 saq4 saq8 saq11 saq12 saq17 saq22;
    Gen by      saq3 saq5 saq6 saq7 saq13 saq15 saq16 saq18;
    Gen by      saq9 saq10 saq14 saq19 saq20 saq21 saq23 saq24;

  S1 by saq1* saq2 saq4 saq8 saq11 saq12 saq17 saq22;
  S2 by saq3* saq5 saq6 saq7 saq13 saq15 saq16 saq18;
  S3 by saq9* saq10 saq14 saq19 saq20 saq21 saq23 saq24;

  Gen with S1-S3@0;

  S1 with S2-S3@0;
  S2 with S3@0;

  !Gen@1;

  S1-S3@1;

  Output: stdyx



INPUT READING TERMINATED NORMALLY



bifactor

SUMMARY OF ANALYSIS

Number of groups                                                 1
Number of observations                                        1007

Number of dependent variables                                   24
Number of independent variables                                  0
Number of continuous latent variables                            4

Observed dependent variables

  Binary and ordered categorical (ordinal)
   SAQ1        SAQ2        SAQ3        SAQ4        SAQ5        SAQ6
   SAQ7        SAQ8        SAQ9        SAQ10       SAQ11       SAQ12
   SAQ13       SAQ14       SAQ15       SAQ16       SAQ17       SAQ18
   SAQ19       SAQ20       SAQ21       SAQ22       SAQ23       SAQ24

Continuous latent variables
   GEN         S1          S2          S3


Estimator                                                    WLSMV
Maximum number of iterations                                  1000
Convergence criterion                                    0.500D-04
Maximum number of steepest descent iterations                   20
Parameterization                                             DELTA

Input data file(s)
  saqonly.csv

Input data format  FREE


UNIVARIATE PROPORTIONS AND COUNTS FOR CATEGORICAL VARIABLES

    SAQ1
      Category 1    0.151      152.000
      Category 2    0.379      382.000
      Category 3    0.286      288.000
      Category 4    0.141      142.000
      Category 5    0.043       43.000
    SAQ2
      Category 1    0.048       48.000
      Category 2    0.136      137.000
      Category 3    0.355      357.000
      Category 4    0.295      297.000
      Category 5    0.167      168.000
    SAQ3
      Category 1    0.047       47.000
      Category 2    0.139      140.000
      Category 3    0.281      283.000
      Category 4    0.296      298.000
      Category 5    0.237      239.000
    SAQ4
      Category 1    0.065       65.000
      Category 2    0.107      108.000
      Category 3    0.255      257.000
      Category 4    0.282      284.000
      Category 5    0.291      293.000
    SAQ5
      Category 1    0.095       96.000
      Category 2    0.234      236.000
      Category 3    0.269      271.000
      Category 4    0.246      248.000
      Category 5    0.155      156.000
    SAQ6
      Category 1    0.052       52.000
      Category 2    0.151      152.000
      Category 3    0.301      303.000
      Category 4    0.296      298.000
      Category 5    0.201      202.000
    SAQ7
      Category 1    0.090       91.000
      Category 2    0.191      192.000
      Category 3    0.289      291.000
      Category 4    0.251      253.000
      Category 5    0.179      180.000
    SAQ8
      Category 1    0.126      127.000
      Category 2    0.285      287.000
      Category 3    0.254      256.000
      Category 4    0.170      171.000
      Category 5    0.165      166.000
    SAQ9
      Category 1    0.170      171.000
      Category 2    0.300      302.000
      Category 3    0.238      240.000
      Category 4    0.160      161.000
      Category 5    0.132      133.000
    SAQ10
      Category 1    0.155      156.000
      Category 2    0.268      270.000
      Category 3    0.278      280.000
      Category 4    0.181      182.000
      Category 5    0.118      119.000
    SAQ11
      Category 1    0.079       80.000
      Category 2    0.213      214.000
      Category 3    0.351      353.000
      Category 4    0.222      224.000
      Category 5    0.135      136.000
    SAQ12
      Category 1    0.097       98.000
      Category 2    0.201      202.000
      Category 3    0.299      301.000
      Category 4    0.242      244.000
      Category 5    0.161      162.000
    SAQ13
      Category 1    0.054       54.000
      Category 2    0.148      149.000
      Category 3    0.309      311.000
      Category 4    0.265      267.000
      Category 5    0.224      226.000
    SAQ14
      Category 1    0.189      190.000
      Category 2    0.357      359.000
      Category 3    0.228      230.000
      Category 4    0.151      152.000
      Category 5    0.075       76.000
    SAQ15
      Category 1    0.056       56.000
      Category 2    0.166      167.000
      Category 3    0.294      296.000
      Category 4    0.264      266.000
      Category 5    0.220      222.000
    SAQ16
      Category 1    0.089       90.000
      Category 2    0.229      231.000
      Category 3    0.327      329.000
      Category 4    0.238      240.000
      Category 5    0.116      117.000
    SAQ17
      Category 1    0.107      108.000
      Category 2    0.241      243.000
      Category 3    0.295      297.000
      Category 4    0.192      193.000
      Category 5    0.165      166.000
    SAQ18
      Category 1    0.167      168.000
      Category 2    0.325      327.000
      Category 3    0.254      256.000
      Category 4    0.174      175.000
      Category 5    0.080       81.000
    SAQ19
      Category 1    0.208      209.000
      Category 2    0.327      329.000
      Category 3    0.228      230.000
      Category 4    0.140      141.000
      Category 5    0.097       98.000
    SAQ20
      Category 1    0.081       82.000
      Category 2    0.185      186.000
      Category 3    0.327      329.000
      Category 4    0.242      244.000
      Category 5    0.165      166.000
    SAQ21
      Category 1    0.076       77.000
      Category 2    0.244      246.000
      Category 3    0.308      310.000
      Category 4    0.218      220.000
      Category 5    0.153      154.000
    SAQ22
      Category 1    0.035       35.000
      Category 2    0.113      114.000
      Category 3    0.302      304.000
      Category 4    0.244      246.000
      Category 5    0.306      308.000
    SAQ23
      Category 1    0.110      111.000
      Category 2    0.254      256.000
      Category 3    0.303      305.000
      Category 4    0.209      210.000
      Category 5    0.124      125.000
    SAQ24
      Category 1    0.120      121.000
      Category 2    0.230      232.000
      Category 3    0.247      249.000
      Category 4    0.212      213.000
      Category 5    0.191      192.000



THE MODEL ESTIMATION TERMINATED NORMALLY



MODEL FIT INFORMATION

Number of Free Parameters                      144

Chi-Square Test of Model Fit

          Value                           1620.516*
          Degrees of Freedom                   228
          P-Value                           0.0000

*   The chi-square value for MLM, MLMV, MLR, ULSMV, WLSM and WLSMV cannot be used
    for chi-square difference testing in the regular way.  MLM, MLR and WLSM
    chi-square difference testing is described on the Mplus website.  MLMV, WLSMV,
    and ULSMV difference testing is done using the DIFFTEST option.

RMSEA (Root Mean Square Error Of Approximation)

          Estimate                           0.078
          90 Percent C.I.                    0.074  0.081
          Probability RMSEA <= .05           0.000

CFI/TLI

          CFI                                0.974
          TLI                                0.969

Chi-Square Test of Model Fit for the Baseline Model

          Value                          54656.108
          Degrees of Freedom                   276
          P-Value                           0.0000

WRMR (Weighted Root Mean Square Residual)

          Value                              1.467



MODEL RESULTS

                                                    Two-Tailed
                    Estimate       S.E.  Est./S.E.    P-Value

 GEN      BY
    SAQ1               1.000      0.000    999.000    999.000
    SAQ2               0.996      0.021     47.646      0.000
    SAQ4               0.984      0.020     48.157      0.000
    SAQ8               1.055      0.018     60.006      0.000
    SAQ11              1.058      0.020     54.185      0.000
    SAQ12              1.009      0.020     51.163      0.000
    SAQ17              1.047      0.020     53.104      0.000
    SAQ22              1.075      0.020     53.770      0.000
    SAQ3               0.927      0.020     45.519      0.000
    SAQ5               0.887      0.022     40.490      0.000
    SAQ6               0.894      0.023     39.046      0.000
    SAQ7               0.929      0.020     45.616      0.000
    SAQ13              0.993      0.021     47.168      0.000
    SAQ15              0.903      0.022     40.271      0.000
    SAQ16              0.963      0.020     48.101      0.000
    SAQ18              1.095      0.019     57.291      0.000
    SAQ9               1.046      0.019     56.484      0.000
    SAQ10              0.962      0.020     47.149      0.000
    SAQ14              1.041      0.020     53.175      0.000
    SAQ19              1.042      0.019     53.706      0.000
    SAQ20              1.079      0.019     56.306      0.000
    SAQ21              1.073      0.019     55.614      0.000
    SAQ23              1.011      0.020     51.676      0.000
    SAQ24              0.984      0.021     47.690      0.000

 S1       BY
    SAQ1              -0.208      0.030     -6.876      0.000
    SAQ2               0.219      0.027      8.032      0.000
    SAQ4               0.011      0.030      0.371      0.710
    SAQ8              -0.312      0.032     -9.699      0.000
    SAQ11              0.194      0.026      7.570      0.000
    SAQ12              0.286      0.030      9.488      0.000
    SAQ17             -0.002      0.025     -0.094      0.925
    SAQ22             -0.050      0.026     -1.905      0.057

 S2       BY
    SAQ3               0.267      0.022     11.893      0.000
    SAQ5               0.467      0.024     19.495      0.000
    SAQ6               0.355      0.024     14.840      0.000
    SAQ7               0.347      0.023     15.139      0.000
    SAQ13              0.154      0.023      6.613      0.000
    SAQ15              0.450      0.023     19.781      0.000
    SAQ16              0.405      0.021     19.282      0.000
    SAQ18             -0.002      0.024     -0.063      0.949

 S3       BY
    SAQ9               0.184      0.023      7.932      0.000
    SAQ10              0.258      0.029      8.907      0.000
    SAQ14              0.264      0.022     11.918      0.000
    SAQ19              0.339      0.021     16.121      0.000
    SAQ20             -0.005      0.028     -0.166      0.868
    SAQ21             -0.118      0.024     -4.845      0.000
    SAQ23              0.342      0.022     15.446      0.000
    SAQ24              0.352      0.024     14.765      0.000

 GEN      WITH
    S1                 0.000      0.000    999.000    999.000
    S2                 0.000      0.000    999.000    999.000
    S3                 0.000      0.000    999.000    999.000

 S1       WITH
    S2                 0.000      0.000    999.000    999.000
    S3                 0.000      0.000    999.000    999.000

 S2       WITH
    S3                 0.000      0.000    999.000    999.000

 Thresholds
    SAQ1$1            -1.032      0.048    -21.426      0.000
    SAQ1$2             0.076      0.040      1.922      0.055
    SAQ1$3             0.901      0.046     19.629      0.000
    SAQ1$4             1.720      0.070     24.531      0.000
    SAQ2$1            -1.668      0.068    -24.661      0.000
    SAQ2$2            -0.901      0.046    -19.629      0.000
    SAQ2$3             0.096      0.040      2.426      0.015
    SAQ2$4             0.967      0.047     20.572      0.000
    SAQ3$1            -1.678      0.068    -24.640      0.000
    SAQ3$2            -0.894      0.046    -19.516      0.000
    SAQ3$3            -0.083      0.040     -2.111      0.035
    SAQ3$4             0.715      0.043     16.475      0.000
    SAQ4$1            -1.518      0.061    -24.717      0.000
    SAQ4$2            -0.947      0.047    -20.298      0.000
    SAQ4$3            -0.184      0.040     -4.630      0.000
    SAQ4$4             0.551      0.042     13.187      0.000
    SAQ5$1            -1.309      0.055    -23.961      0.000
    SAQ5$2            -0.441      0.041    -10.771      0.000
    SAQ5$3             0.250      0.040      6.265      0.000
    SAQ5$4             1.016      0.048     21.217      0.000
    SAQ6$1            -1.629      0.066    -24.721      0.000
    SAQ6$2            -0.832      0.045    -18.542      0.000
    SAQ6$3             0.009      0.039      0.221      0.825
    SAQ6$4             0.839      0.045     18.658      0.000
    SAQ7$1            -1.338      0.055    -24.131      0.000
    SAQ7$2            -0.580      0.042    -13.803      0.000
    SAQ7$3             0.176      0.040      4.441      0.000
    SAQ7$4             0.920      0.046     19.910      0.000
    SAQ8$1            -1.145      0.051    -22.669      0.000
    SAQ8$2            -0.225      0.040     -5.636      0.000
    SAQ8$3             0.427      0.041     10.460      0.000
    SAQ8$4             0.975      0.047     20.681      0.000
    SAQ9$1            -0.955      0.047    -20.408      0.000
    SAQ9$2            -0.076      0.040     -1.922      0.055
    SAQ9$3             0.548      0.042     13.126      0.000
    SAQ9$4             1.117      0.050     22.384      0.000
    SAQ10$1           -1.016      0.048    -21.217      0.000
    SAQ10$2           -0.194      0.040     -4.882      0.000
    SAQ10$3            0.528      0.042     12.694      0.000
    SAQ10$4            1.184      0.051     23.035      0.000
    SAQ11$1           -1.409      0.058    -24.448      0.000
    SAQ11$2           -0.548      0.042    -13.126      0.000
    SAQ11$3            0.365      0.040      9.024      0.000
    SAQ11$4            1.103      0.050     22.237      0.000
    SAQ12$1           -1.297      0.054    -23.890      0.000
    SAQ12$2           -0.530      0.042    -12.756      0.000
    SAQ12$3            0.245      0.040      6.139      0.000
    SAQ12$4            0.991      0.047     20.897      0.000
    SAQ13$1           -1.611      0.065    -24.739      0.000
    SAQ13$2           -0.836      0.045    -18.600      0.000
    SAQ13$3            0.026      0.040      0.662      0.508
    SAQ13$4            0.757      0.044     17.251      0.000
    SAQ14$1           -0.883      0.046    -19.346      0.000
    SAQ14$2            0.114      0.040      2.867      0.004
    SAQ14$3            0.751      0.044     17.132      0.000
    SAQ14$4            1.436      0.059     24.540      0.000
    SAQ15$1           -1.593      0.064    -24.749      0.000
    SAQ15$2           -0.767      0.044    -17.429      0.000
    SAQ15$3            0.039      0.040      0.977      0.329
    SAQ15$4            0.771      0.044     17.488      0.000
    SAQ16$1           -1.345      0.056    -24.163      0.000
    SAQ16$2           -0.471      0.041    -11.455      0.000
    SAQ16$3            0.373      0.041      9.211      0.000
    SAQ16$4            1.194      0.052     23.124      0.000
    SAQ17$1           -1.241      0.053    -23.505      0.000
    SAQ17$2           -0.389      0.041     -9.586      0.000
    SAQ17$3            0.368      0.040      9.086      0.000
    SAQ17$4            0.975      0.047     20.681      0.000
    SAQ18$1           -0.967      0.047    -20.572      0.000
    SAQ18$2           -0.021      0.039     -0.536      0.592
    SAQ18$3            0.661      0.043     15.450      0.000
    SAQ18$4            1.402      0.057     24.422      0.000
    SAQ19$1           -0.815      0.045    -18.251      0.000
    SAQ19$2            0.086      0.040      2.174      0.030
    SAQ19$3            0.715      0.043     16.475      0.000
    SAQ19$4            1.297      0.054     23.890      0.000
    SAQ20$1           -1.396      0.057    -24.396      0.000
    SAQ20$2           -0.625      0.042    -14.721      0.000
    SAQ20$3            0.235      0.040      5.888      0.000
    SAQ20$4            0.975      0.047     20.681      0.000
    SAQ21$1           -1.429      0.058    -24.518      0.000
    SAQ21$2           -0.466      0.041    -11.331      0.000
    SAQ21$3            0.328      0.040      8.147      0.000
    SAQ21$4            1.024      0.048     21.322      0.000
    SAQ22$1           -1.815      0.075    -24.160      0.000
    SAQ22$2           -1.045      0.048    -21.582      0.000
    SAQ22$3           -0.126      0.040     -3.182      0.001
    SAQ22$4            0.508      0.041     12.261      0.000
    SAQ23$1           -1.225      0.052    -23.381      0.000
    SAQ23$2           -0.347      0.040     -8.585      0.000
    SAQ23$3            0.433      0.041     10.584      0.000
    SAQ23$4            1.155      0.051     22.762      0.000
    SAQ24$1           -1.174      0.051    -22.945      0.000
    SAQ24$2           -0.384      0.041     -9.461      0.000
    SAQ24$3            0.248      0.040      6.202      0.000
    SAQ24$4            0.875      0.046     19.232      0.000

 Variances
    GEN                0.624      0.021     29.572      0.000
    S1                 1.000      0.000    999.000    999.000
    S2                 1.000      0.000    999.000    999.000
    S3                 1.000      0.000    999.000    999.000


STANDARDIZED MODEL RESULTS


STDYX Standardization

                                                    Two-Tailed
                    Estimate       S.E.  Est./S.E.    P-Value

 GEN      BY
    SAQ1               0.790      0.013     59.144      0.000
    SAQ2               0.787      0.014     57.187      0.000
    SAQ4               0.777      0.014     57.560      0.000
    SAQ8               0.833      0.011     75.879      0.000
    SAQ11              0.836      0.010     79.751      0.000
    SAQ12              0.797      0.012     65.477      0.000
    SAQ17              0.827      0.011     77.225      0.000
    SAQ22              0.849      0.010     81.139      0.000
    SAQ3               0.732      0.015     47.813      0.000
    SAQ5               0.701      0.016     42.694      0.000
    SAQ6               0.706      0.016     43.112      0.000
    SAQ7               0.734      0.015     49.496      0.000
    SAQ13              0.785      0.013     60.702      0.000
    SAQ15              0.714      0.016     44.885      0.000
    SAQ16              0.761      0.013     56.522      0.000
    SAQ18              0.865      0.009     92.302      0.000
    SAQ9               0.826      0.011     77.847      0.000
    SAQ10              0.760      0.014     53.097      0.000
    SAQ14              0.822      0.011     72.176      0.000
    SAQ19              0.823      0.011     73.595      0.000
    SAQ20              0.852      0.009     89.768      0.000
    SAQ21              0.848      0.010     83.935      0.000
    SAQ23              0.799      0.012     67.371      0.000
    SAQ24              0.778      0.013     58.627      0.000

 S1       BY
    SAQ1              -0.208      0.030     -6.876      0.000
    SAQ2               0.219      0.027      8.032      0.000
    SAQ4               0.011      0.030      0.371      0.710
    SAQ8              -0.312      0.032     -9.699      0.000
    SAQ11              0.194      0.026      7.570      0.000
    SAQ12              0.286      0.030      9.488      0.000
    SAQ17             -0.002      0.025     -0.094      0.925
    SAQ22             -0.050      0.026     -1.905      0.057

 S2       BY
    SAQ3               0.267      0.022     11.893      0.000
    SAQ5               0.467      0.024     19.495      0.000
    SAQ6               0.355      0.024     14.840      0.000
    SAQ7               0.347      0.023     15.139      0.000
    SAQ13              0.154      0.023      6.613      0.000
    SAQ15              0.450      0.023     19.781      0.000
    SAQ16              0.405      0.021     19.282      0.000
    SAQ18             -0.002      0.024     -0.063      0.949

 S3       BY
    SAQ9               0.184      0.023      7.932      0.000
    SAQ10              0.258      0.029      8.907      0.000
    SAQ14              0.264      0.022     11.918      0.000
    SAQ19              0.339      0.021     16.121      0.000
    SAQ20             -0.005      0.028     -0.166      0.868
    SAQ21             -0.118      0.024     -4.845      0.000
    SAQ23              0.342      0.022     15.446      0.000
    SAQ24              0.352      0.024     14.765      0.000

 GEN      WITH
    S1                 0.000      0.000    999.000    999.000
    S2                 0.000      0.000    999.000    999.000
    S3                 0.000      0.000    999.000    999.000

 S1       WITH
    S2                 0.000      0.000    999.000    999.000
    S3                 0.000      0.000    999.000    999.000

 S2       WITH
    S3                 0.000      0.000    999.000    999.000

 Thresholds
    SAQ1$1            -1.032      0.048    -21.426      0.000
    SAQ1$2             0.076      0.040      1.922      0.055
    SAQ1$3             0.901      0.046     19.629      0.000
    SAQ1$4             1.720      0.070     24.531      0.000
    SAQ2$1            -1.668      0.068    -24.661      0.000
    SAQ2$2            -0.901      0.046    -19.629      0.000
    SAQ2$3             0.096      0.040      2.426      0.015
    SAQ2$4             0.967      0.047     20.572      0.000
    SAQ3$1            -1.678      0.068    -24.640      0.000
    SAQ3$2            -0.894      0.046    -19.516      0.000
    SAQ3$3            -0.083      0.040     -2.111      0.035
    SAQ3$4             0.715      0.043     16.475      0.000
    SAQ4$1            -1.518      0.061    -24.717      0.000
    SAQ4$2            -0.947      0.047    -20.298      0.000
    SAQ4$3            -0.184      0.040     -4.630      0.000
    SAQ4$4             0.551      0.042     13.187      0.000
    SAQ5$1            -1.309      0.055    -23.961      0.000
    SAQ5$2            -0.441      0.041    -10.771      0.000
    SAQ5$3             0.250      0.040      6.265      0.000
    SAQ5$4             1.016      0.048     21.217      0.000
    SAQ6$1            -1.629      0.066    -24.721      0.000
    SAQ6$2            -0.832      0.045    -18.542      0.000
    SAQ6$3             0.009      0.039      0.221      0.825
    SAQ6$4             0.839      0.045     18.658      0.000
    SAQ7$1            -1.338      0.055    -24.131      0.000
    SAQ7$2            -0.580      0.042    -13.803      0.000
    SAQ7$3             0.176      0.040      4.441      0.000
    SAQ7$4             0.920      0.046     19.910      0.000
    SAQ8$1            -1.145      0.051    -22.669      0.000
    SAQ8$2            -0.225      0.040     -5.636      0.000
    SAQ8$3             0.427      0.041     10.460      0.000
    SAQ8$4             0.975      0.047     20.681      0.000
    SAQ9$1            -0.955      0.047    -20.408      0.000
    SAQ9$2            -0.076      0.040     -1.922      0.055
    SAQ9$3             0.548      0.042     13.126      0.000
    SAQ9$4             1.117      0.050     22.384      0.000
    SAQ10$1           -1.016      0.048    -21.217      0.000
    SAQ10$2           -0.194      0.040     -4.882      0.000
    SAQ10$3            0.528      0.042     12.694      0.000
    SAQ10$4            1.184      0.051     23.035      0.000
    SAQ11$1           -1.409      0.058    -24.448      0.000
    SAQ11$2           -0.548      0.042    -13.126      0.000
    SAQ11$3            0.365      0.040      9.024      0.000
    SAQ11$4            1.103      0.050     22.237      0.000
    SAQ12$1           -1.297      0.054    -23.890      0.000
    SAQ12$2           -0.530      0.042    -12.756      0.000
    SAQ12$3            0.245      0.040      6.139      0.000
    SAQ12$4            0.991      0.047     20.897      0.000
    SAQ13$1           -1.611      0.065    -24.739      0.000
    SAQ13$2           -0.836      0.045    -18.600      0.000
    SAQ13$3            0.026      0.040      0.662      0.508
    SAQ13$4            0.757      0.044     17.251      0.000
    SAQ14$1           -0.883      0.046    -19.346      0.000
    SAQ14$2            0.114      0.040      2.867      0.004
    SAQ14$3            0.751      0.044     17.132      0.000
    SAQ14$4            1.436      0.059     24.540      0.000
    SAQ15$1           -1.593      0.064    -24.749      0.000
    SAQ15$2           -0.767      0.044    -17.429      0.000
    SAQ15$3            0.039      0.040      0.977      0.329
    SAQ15$4            0.771      0.044     17.488      0.000
    SAQ16$1           -1.345      0.056    -24.163      0.000
    SAQ16$2           -0.471      0.041    -11.455      0.000
    SAQ16$3            0.373      0.041      9.211      0.000
    SAQ16$4            1.194      0.052     23.124      0.000
    SAQ17$1           -1.241      0.053    -23.505      0.000
    SAQ17$2           -0.389      0.041     -9.586      0.000
    SAQ17$3            0.368      0.040      9.086      0.000
    SAQ17$4            0.975      0.047     20.681      0.000
    SAQ18$1           -0.967      0.047    -20.572      0.000
    SAQ18$2           -0.021      0.039     -0.536      0.592
    SAQ18$3            0.661      0.043     15.450      0.000
    SAQ18$4            1.402      0.057     24.422      0.000
    SAQ19$1           -0.815      0.045    -18.251      0.000
    SAQ19$2            0.086      0.040      2.174      0.030
    SAQ19$3            0.715      0.043     16.475      0.000
    SAQ19$4            1.297      0.054     23.890      0.000
    SAQ20$1           -1.396      0.057    -24.396      0.000
    SAQ20$2           -0.625      0.042    -14.721      0.000
    SAQ20$3            0.235      0.040      5.888      0.000
    SAQ20$4            0.975      0.047     20.681      0.000
    SAQ21$1           -1.429      0.058    -24.518      0.000
    SAQ21$2           -0.466      0.041    -11.331      0.000
    SAQ21$3            0.328      0.040      8.147      0.000
    SAQ21$4            1.024      0.048     21.322      0.000
    SAQ22$1           -1.815      0.075    -24.160      0.000
    SAQ22$2           -1.045      0.048    -21.582      0.000
    SAQ22$3           -0.126      0.040     -3.182      0.001
    SAQ22$4            0.508      0.041     12.261      0.000
    SAQ23$1           -1.225      0.052    -23.381      0.000
    SAQ23$2           -0.347      0.040     -8.585      0.000
    SAQ23$3            0.433      0.041     10.584      0.000
    SAQ23$4            1.155      0.051     22.762      0.000
    SAQ24$1           -1.174      0.051    -22.945      0.000
    SAQ24$2           -0.384      0.041     -9.461      0.000
    SAQ24$3            0.248      0.040      6.202      0.000
    SAQ24$4            0.875      0.046     19.232      0.000

 Variances
    GEN                1.000      0.000    999.000    999.000
    S1                 1.000      0.000    999.000    999.000
    S2                 1.000      0.000    999.000    999.000
    S3                 1.000      0.000    999.000    999.000


R-SQUARE

    Observed                                        Two-Tailed   Residual
    Variable        Estimate       S.E.  Est./S.E.    P-Value    Variance

    SAQ1               0.667      0.023     29.273      0.000      0.333
    SAQ2               0.667      0.021     32.402      0.000      0.333
    SAQ3               0.608      0.021     28.799      0.000      0.392
    SAQ4               0.604      0.021     28.878      0.000      0.396
    SAQ5               0.709      0.021     34.506      0.000      0.291
    SAQ6               0.625      0.021     29.235      0.000      0.375
    SAQ7               0.659      0.019     33.967      0.000      0.341
    SAQ8               0.792      0.023     34.153      0.000      0.208
    SAQ9               0.717      0.016     44.617      0.000      0.283
    SAQ10              0.643      0.020     31.440      0.000      0.357
    SAQ11              0.737      0.017     43.709      0.000      0.263
    SAQ12              0.717      0.021     33.405      0.000      0.283
    SAQ13              0.639      0.019     33.057      0.000      0.361
    SAQ14              0.746      0.016     47.789      0.000      0.254
    SAQ15              0.712      0.020     36.446      0.000      0.288
    SAQ16              0.743      0.018     41.906      0.000      0.257
    SAQ17              0.684      0.018     38.598      0.000      0.316
    SAQ18              0.749      0.016     46.098      0.000      0.251
    SAQ19              0.793      0.014     56.278      0.000      0.207
    SAQ20              0.727      0.016     44.678      0.000      0.273
    SAQ21              0.733      0.018     40.104      0.000      0.267
    SAQ22              0.724      0.018     40.385      0.000      0.276
    SAQ23              0.755      0.016     45.834      0.000      0.245
    SAQ24              0.729      0.018     41.644      0.000      0.271


QUALITY OF NUMERICAL RESULTS

     Condition Number for the Information Matrix              0.209E-03
       (ratio of smallest to largest eigenvalue)


DIAGRAM INFORMATION

  Use View Diagram under the Diagram menu in the Mplus Editor to view the diagram.
  If running Mplus from the Mplus Diagrammer, the diagram opens automatically.

  Diagram output
    c:\users\david dueber uky\dropbox\2. courses\679 measurement\notes\10 bifactor\bifactor examples

     Beginning Time:  22:12:29
        Ending Time:  22:12:30
       Elapsed Time:  00:00:01



MUTHEN & MUTHEN
3463 Stoner Ave.
Los Angeles, CA  90066

Tel: (310) 391-9971
Fax: (310) 391-8971
Web: www.StatModel.com
Support: Support@StatModel.com

Copyright (c) 1998-2012 Muthen & Muthen
